G4error_propagation: G4globman G4procman G4track G4geometrymng G4materials G4partman G4bosons G4leptons G4intercoms G4magneticfield G4navigation G4volumes G4run G4event G4tracking G4cuts G4hits G4digits G4emstandard G4emutils G4muons G4mesons G4baryons G4ions G4transportation
source/error_propagation/GNUmakefile
G4mctruth: G4hits G4globman G4event G4partman G4digits G4tracking G4run G4intercoms
source/persistency/mctruth/GNUmakefile
G4readout: G4globman G4digits G4intercoms G4event G4partman G4hits G4tracking G4run G4track G4geometrymng G4materials G4navigation G4volumes G4procman G4detector
source/readout/GNUmakefile
G4phys_lists: G4globman G4procman G4track G4geometrymng G4materials G4partman G4emutils G4run G4phys_builders G4hadronic_proc G4hadronic_mgt G4had_mod_man G4hadronic_util G4bosons G4leptons G4mesons G4baryons G4ions G4hadronic_xsect G4hadronic_LE G4hadronic_HE G4had_theo_max G4had_mod_util G4hadronic_interface_ci G4hadronic_body_ci G4hadronic_deex_handler G4hadronic_deex_multifragmentation G4hadronic_deex_fermi_breakup G4hadronic_deex_evaporation G4hadronic_deex_photon_evaporation G4hadronic_deex_management G4hadronic_deex_util G4had_preequ_exciton G4hadronic_binary G4hadronic_qgstring G4had_string_man G4had_string_frag G4shortlived G4had_im_r_matrix G4had_neu_hp G4hadronic_bert_cascade G4hadronic_stop G4had_string_diff
source/physics_lists/lists/GNUmakefile
G4gflash: G4globman G4materials G4intercoms G4parameterisation G4geometrymng G4track G4partman G4navigation G4volumes G4leptons G4mesons G4procman G4detector G4hits G4graphics_reps
source/parameterisations/gflash/GNUmakefile
G4phys_builders: G4globman G4hadronic_stop G4procman G4track G4geometrymng G4materials G4partman G4hadronic_util G4leptons G4mesons G4baryons G4run G4hadronic_radioactivedecay G4intercoms G4ions G4hadronic_interface_ci G4bosons G4hadronic_body_ci G4hadronic_proc G4hadronic_mgt G4had_mod_man G4hadronic_xsect G4had_theo_max G4had_mod_util G4hadronic_deex_handler G4hadronic_deex_multifragmentation G4hadronic_deex_fermi_breakup G4hadronic_deex_evaporation G4hadronic_deex_photon_evaporation G4hadronic_deex_management G4hadronic_deex_util G4had_preequ_exciton G4hadronic_binary G4hadronic_qgstring G4had_string_man G4had_string_frag G4had_im_r_matrix G4transportation G4had_neu_hp G4hadronic_LE G4hadronic_HE G4hadronic_coherent_elastic G4had_string_diff G4emutils G4cuts G4emstandard G4muons G4xrays G4navigation G4volumes G4magneticfield G4had_muon_nuclear G4decay G4shortlived G4hadronic_bert_cascade
source/physics_lists/builders/GNUmakefile
G4visHepRep: G4globman G4vis_management G4graphics_reps G4modeling G4csg G4geometrymng G4specsolids G4materials G4intercoms G4tracking G4hits
source/visualization/HepRep/GNUmakefile
G3toG4:
source/g3tog4/GNUmakefile
G4biasing: G4procman G4globman G4track G4geometrymng G4materials G4partman G4transportation G4magneticfield G4geombias G4navigation G4volumes
source/processes/biasing/GNUmakefile
G4FR: G4globman G4vis_management G4graphics_reps G4modeling G4geometrymng G4csg
source/visualization/FukuiRenderer/GNUmakefile
G4OpenGL: G4vis_management G4globman G4graphics_reps G4geometrymng G4intercoms G4modeling G4UIcommon
source/visualization/OpenGL/GNUmakefile
G4RayTracer: G4globman G4graphics_reps G4event G4track G4geometrymng G4partman G4materials G4tracking G4navigation G4volumes G4procman G4intercoms G4detector G4hits G4digits G4cuts G4bosons G4vis_management G4modeling
source/visualization/RayTracer/GNUmakefile
G4brep: G4globman G4geometrymng G4graphics_reps G4geomBoolean G4csg
source/geometry/solids/BREPS/GNUmakefile
G4Tree: G4vis_management G4globman G4graphics_reps G4modeling G4geometrymng G4intercoms G4materials G4csg G4specsolids G4detector G4hits G4track G4partman G4volumes G4navigation
source/visualization/Tree/GNUmakefile
G4VRML: G4vis_management G4globman G4graphics_reps G4modeling G4geometrymng G4csg
source/visualization/VRML/GNUmakefile
G4visXXX: G4vis_management G4globman G4graphics_reps G4modeling G4geometrymng G4csg
source/visualization/XXX/GNUmakefile
G4vis_management: G4graphics_reps G4globman G4modeling G4intercoms G4geometrymng G4materials G4csg G4specsolids G4tracking G4hits G4run G4event G4track G4partman G4navigation G4volumes G4procman G4digits G4geomBoolean G4magneticfield
source/visualization/management/GNUmakefile
G4decay: G4globman G4procman G4track G4geometrymng G4materials G4partman G4navigation G4volumes G4magneticfield
source/processes/decay/GNUmakefile
G4muons: G4emutils G4globman G4partman G4cuts G4materials G4leptons G4geometrymng G4track G4procman G4emstandard G4navigation G4volumes G4bosons G4baryons
source/processes/electromagnetic/muons/GNUmakefile
G4geomBoolean: G4geometrymng G4globman G4graphics_reps
source/geometry/solids/Boolean/GNUmakefile
G4UIbasic: G4intercoms G4globman G4UIcommon
source/interfaces/basic/GNUmakefile
G4UIGAG: G4globman G4intercoms G4UIcommon
source/interfaces/GAG/GNUmakefile
G4UIcommon: G4globman G4intercoms
source/interfaces/common/GNUmakefile
G4emhighenergy: G4emutils G4globman G4partman G4cuts G4materials G4procman G4track G4geometrymng G4leptons G4emstandard G4bosons G4mesons
source/processes/electromagnetic/highenergy/GNUmakefile
G4empolar: G4globman G4emutils G4procman G4track G4geometrymng G4materials G4partman G4cuts G4bosons G4emstandard G4leptons G4intercoms
source/processes/electromagnetic/polarisation/GNUmakefile
G4emstandard: G4globman G4emutils G4materials G4partman G4cuts G4leptons G4procman G4track G4geometrymng G4navigation G4volumes G4bosons G4baryons G4ions G4hepnumerics G4mesons
source/processes/electromagnetic/standard/GNUmakefile
G4hadronic_binary: G4globman G4had_mod_man G4partman G4hadronic_util G4had_mod_util G4baryons G4magneticfield G4mesons G4procman G4bosons G4leptons G4ions G4materials G4track G4geometrymng G4had_im_r_matrix G4had_preequ_exciton G4hadronic_deex_handler G4hadronic_deex_multifragmentation G4hadronic_deex_fermi_breakup G4hadronic_deex_evaporation G4hadronic_deex_photon_evaporation G4hadronic_deex_management G4hadronic_deex_util G4shortlived
source/processes/hadronic/models/binary_cascade/GNUmakefile
G4xrays: G4globman G4geometrymng G4bosons G4partman G4track G4materials G4procman G4hepnumerics G4navigation G4volumes G4magneticfield G4leptons G4cuts
source/processes/electromagnetic/xrays/GNUmakefile
G4hadronic_coherent_elastic: G4globman G4hadronic_mgt G4procman G4track G4geometrymng G4materials G4partman G4had_mod_man G4hadronic_util G4bosons G4leptons G4mesons G4baryons G4ions G4hadronic_xsect G4hadronic_interface_ci G4hadronic_body_ci G4hepnumerics
source/processes/hadronic/models/coherent_elastic/GNUmakefile
G4hadronic_abrasion: G4globman G4had_mod_man G4hadronic_util G4partman G4procman G4bosons G4leptons G4mesons G4baryons G4ions G4materials G4track G4geometrymng G4hadronic_ablation G4hadronic_deex_evaporation G4had_mod_util G4hadronic_deex_management G4hadronic_deex_handler G4hadronic_deex_multifragmentation G4hadronic_deex_fermi_breakup G4hadronic_deex_photon_evaporation G4hadronic_deex_util
source/processes/hadronic/models/abrasion/GNUmakefile
G4hadronic_em_dissociation: G4had_mod_man G4hadronic_util G4globman G4partman G4procman G4bosons G4leptons G4mesons G4baryons G4ions G4materials G4track G4geometrymng G4hadronic_deex_handler G4hadronic_deex_multifragmentation G4had_mod_util G4hadronic_deex_fermi_breakup G4hadronic_deex_evaporation G4hadronic_deex_photon_evaporation G4hadronic_deex_management G4hadronic_deex_util G4hadronic_xsect
source/processes/hadronic/models/em_dissociation/GNUmakefile
G4partutils: G4globman G4partman
source/particles/utils/GNUmakefile
G4had_lll_fis: G4globman G4had_neu_hp G4hadronic_util G4materials G4hadronic_proc G4hadronic_mgt G4procman G4track G4geometrymng G4partman G4had_mod_man G4bosons G4leptons G4mesons G4baryons G4ions G4hadronic_xsect
source/processes/hadronic/models/lll_fission/GNUmakefile
G4had_theo_max: G4partman G4globman G4had_mod_man G4hadronic_util G4procman G4bosons G4leptons G4mesons G4baryons G4ions G4materials G4track G4geometrymng G4had_mod_util G4hadronic_interface_ci G4hadronic_body_ci G4hadronic_xsect
source/processes/hadronic/models/theo_high_energy/GNUmakefile
G4run: G4partman G4globman G4cuts G4geometrymng G4procman G4track G4materials G4intercoms G4transportation G4magneticfield G4navigation G4volumes G4event G4tracking G4detutils G4hits G4digits G4detector G4graphics_reps G4scoring
source/run/GNUmakefile
G4gdml:
source/persistency/gdml/GNUmakefile
G4hadronic_bert_cascade: G4globman G4baryons G4partman G4hadronic_util G4had_mod_util G4had_mod_man G4procman G4bosons G4leptons G4mesons G4ions G4materials G4track G4geometrymng G4hadronic_deex_evaporation
source/processes/hadronic/models/cascade/cascade/GNUmakefile
G4hadronic_hetcpp_evaporation: G4globman G4partman G4ions G4baryons G4hadronic_util G4procman G4bosons G4leptons G4mesons G4materials G4hadronic_hetcpp_utils G4track G4geometrymng G4hadronic_deex_evaporation G4had_mod_util
source/processes/hadronic/models/cascade/evaporation/GNUmakefile
G4hadronic_ablation: G4hadronic_deex_evaporation G4globman G4had_mod_util G4partman G4baryons G4hadronic_util G4hadronic_deex_management G4ions G4hadronic_deex_util
source/processes/hadronic/models/de_excitation/ablation/GNUmakefile
G4had_preequ_exciton: G4globman G4partman G4had_mod_util G4baryons G4hadronic_util G4hadronic_deex_util G4had_mod_man G4procman G4bosons G4leptons G4mesons G4ions G4materials G4track G4geometrymng G4hadronic_deex_handler G4hadronic_deex_multifragmentation G4hadronic_deex_fermi_breakup G4hadronic_deex_evaporation G4hadronic_deex_photon_evaporation G4hadronic_deex_management
source/processes/hadronic/models/pre_equilibrium/exciton_model/GNUmakefile
G4hadronic_incl_cascade: G4had_mod_util G4globman G4partman G4baryons G4had_mod_man G4hadronic_util G4procman G4bosons G4leptons G4mesons G4ions G4materials G4track G4geometrymng G4hadronic_deex_evaporation
source/processes/hadronic/models/incl/GNUmakefile
G4hadronic_qmd: G4partman G4globman G4had_im_r_matrix G4had_mod_util G4had_mod_man G4baryons G4hadronic_util G4hadronic_xsect G4materials G4procman G4bosons G4leptons G4mesons G4ions G4track G4geometrymng G4hadronic_deex_evaporation G4hadronic_deex_management G4hadronic_deex_handler G4hadronic_deex_multifragmentation G4hadronic_deex_fermi_breakup G4hadronic_deex_photon_evaporation G4hadronic_deex_util
source/processes/hadronic/models/qmd/GNUmakefile
G4hadronic_stop: G4globman G4hadronic_util G4partman G4materials G4had_mod_util G4baryons G4hadronic_deex_handler G4hadronic_deex_multifragmentation G4hadronic_deex_fermi_breakup G4hadronic_deex_evaporation G4hadronic_deex_photon_evaporation G4procman G4bosons G4leptons G4mesons G4ions G4hadronic_deex_management G4hadronic_deex_util G4track G4geometrymng G4had_mod_man
source/processes/hadronic/stopping/GNUmakefile
G4hadronic_interface_ci: G4partman G4globman G4had_mod_man G4hadronic_util G4procman G4bosons G4leptons G4mesons G4baryons G4ions G4materials G4track G4geometrymng G4hadronic_body_ci G4had_mod_util G4hadronic_xsect
source/processes/hadronic/models/chiral_inv_phase_space/interface/GNUmakefile
G4hadronic_hetcpp_utils: G4hadronic_util G4globman G4procman G4bosons G4partman G4leptons G4mesons G4baryons G4ions G4materials
source/processes/hadronic/models/cascade/utils/GNUmakefile
G4hadronic_deex_handler: G4hadronic_deex_multifragmentation G4globman G4had_mod_util G4partman G4baryons G4hadronic_util G4hadronic_deex_fermi_breakup G4hadronic_deex_evaporation G4hadronic_deex_photon_evaporation G4materials G4procman G4bosons G4leptons G4mesons G4ions G4hadronic_deex_management G4hadronic_deex_util
source/processes/hadronic/models/de_excitation/handler/GNUmakefile
G4hadronic_iso: G4globman G4had_mod_man G4hadronic_util G4procman G4bosons G4partman G4leptons G4mesons G4baryons G4ions G4materials G4track G4geometrymng G4had_neu_hp G4hadronic_xsect
source/processes/hadronic/models/isotope_production/GNUmakefile
G4had_neu_hp: G4globman G4hadronic_util G4materials G4partman G4baryons G4bosons G4procman G4leptons G4mesons G4ions G4hadronic_xsect G4hadronic_proc G4hadronic_mgt G4track G4geometrymng G4had_mod_man G4hadronic_LE G4hadronic_deex_photon_evaporation G4had_mod_util G4hadronic_deex_management G4hadronic_deex_util
source/processes/hadronic/models/neutron_hp/GNUmakefile
G4hadronic_deex_evaporation: G4globman G4had_mod_util G4partman G4baryons G4hadronic_util G4hadronic_deex_util G4hadronic_deex_management G4hadronic_deex_fission G4hadronic_deex_photon_evaporation G4hadronic_deex_gem_evaporation
source/processes/hadronic/models/de_excitation/evaporation/GNUmakefile
G4hadronic_radioactivedecay: G4intercoms G4globman G4partman G4hadronic_util G4procman G4track G4geometrymng G4materials G4had_mod_util G4hadronic_deex_photon_evaporation G4baryons G4hadronic_deex_management G4hadronic_deex_util G4emlowenergy
source/processes/hadronic/models/radioactive_decay/GNUmakefile
G4hadronic_deex_gem_evaporation: G4hadronic_deex_util G4globman G4had_mod_util G4partman G4baryons G4hadronic_util G4hadronic_deex_management G4hadronic_deex_fission G4hadronic_deex_photon_evaporation
source/processes/hadronic/models/de_excitation/gem_evaporation/GNUmakefile
G4had_string_diff: G4had_string_man G4globman G4had_mod_util G4partman G4had_mod_man G4baryons G4hadronic_util G4materials G4procman G4bosons G4leptons G4mesons G4ions G4track G4geometrymng G4had_string_frag
source/processes/hadronic/models/parton_string/diffraction/GNUmakefile
G4hadronic_proc: G4hadronic_mgt G4globman G4procman G4track G4geometrymng G4materials G4partman G4had_mod_man G4hadronic_util G4bosons G4leptons G4mesons G4baryons G4ions G4hadronic_xsect
source/processes/hadronic/processes/GNUmakefile
G4had_muon_nuclear: G4globman G4track G4geometrymng G4materials G4partman G4hadronic_util G4procman G4bosons G4leptons G4mesons G4baryons G4ions G4hadronic_LE G4had_mod_man G4hadronic_HE
source/processes/hadronic/models/photolepton_hadron/muon_nuclear/GNUmakefile
G4hadronic_deex_photon_evaporation: G4globman G4had_mod_util G4partman G4baryons G4hadronic_util G4bosons G4leptons G4hadronic_deex_management G4hadronic_deex_util G4emlowenergy G4materials
source/processes/hadronic/models/de_excitation/photon_evaporation/GNUmakefile
G4emlowenergy: G4globman G4procman G4track G4geometrymng G4materials G4partman G4cuts G4bosons G4leptons G4emutils G4baryons G4mesons G4ions G4intercoms
source/processes/electromagnetic/lowenergy/GNUmakefile
G4hadronic_mgt: G4globman G4procman G4track G4geometrymng G4materials G4partman G4had_mod_man G4hadronic_util G4bosons G4leptons G4mesons G4baryons G4ions G4hadronic_xsect G4navigation G4volumes
source/processes/hadronic/management/GNUmakefile
G4hadronic_leading_particle: G4globman G4materials G4hadronic_util G4partman G4procman G4bosons G4leptons G4mesons G4baryons G4ions G4track G4geometrymng G4had_mod_man
source/processes/hadronic/models/leading_particle/GNUmakefile
G4hadronic_nuc_ci:
source/processes/hadronic/models/chiral_inv_phase_space/nucleus/GNUmakefile
G4scoring: G4globman G4procman G4track G4geometrymng G4materials G4partman G4magneticfield G4navigation G4volumes G4detector G4hits
source/processes/scoring/GNUmakefile
G4optical: G4globman G4materials G4partman G4track G4geometrymng G4procman G4bosons G4volumes G4navigation
source/processes/optical/GNUmakefile
G4hadronic_deex_fission: G4globman G4hadronic_util G4hadronic_deex_util G4had_mod_util G4partman G4baryons G4hadronic_deex_management
source/processes/hadronic/models/de_excitation/fission/GNUmakefile
G4detutils: G4globman G4hits G4geometrymng G4detector G4track G4materials G4partman G4volumes G4detscorer G4intercoms G4csg G4geomdivision G4graphics_reps
source/digits_hits/utils/GNUmakefile
G4hadronic_deex_fermi_breakup: G4had_mod_util G4globman G4partman G4baryons G4hadronic_util
source/processes/hadronic/models/de_excitation/fermi_breakup/GNUmakefile
G4parameterisation: G4geometrymng G4globman G4track G4partman G4materials G4navigation G4volumes G4intercoms G4procman G4magneticfield
source/processes/parameterisation/GNUmakefile
G4had_string_frag: G4globman G4had_string_man G4had_mod_util G4partman G4had_mod_man G4baryons G4hadronic_util G4procman G4bosons G4leptons G4mesons G4ions G4track G4geometrymng G4materials G4shortlived
source/processes/hadronic/models/parton_string/hadronization/GNUmakefile
G4hadronic_HE: G4globman G4partman G4hadronic_util G4materials G4had_mod_man G4procman G4bosons G4leptons G4mesons G4baryons G4ions G4track G4geometrymng
source/processes/hadronic/models/high_energy/GNUmakefile
G4geomdivision: G4globman G4geometrymng G4specsolids G4csg
source/geometry/divisions/GNUmakefile
G4hadronic_qgstring: G4globman G4baryons G4partman G4had_mod_util G4had_mod_man G4hadronic_util G4had_string_man G4materials G4mesons G4bosons
source/processes/hadronic/models/parton_string/qgsm/GNUmakefile
G4had_string_man: G4had_mod_util G4globman G4partman G4had_mod_man G4baryons G4hadronic_util G4materials G4procman G4bosons G4leptons G4mesons G4ions G4track G4geometrymng G4shortlived
source/processes/hadronic/models/parton_string/management/GNUmakefile
G4had_im_r_matrix: G4globman G4had_mod_util G4had_mod_man G4partman G4baryons G4hadronic_util G4mesons G4bosons G4shortlived
source/processes/hadronic/models/im_r_matrix/GNUmakefile
G4hadronic_deex_management: G4globman G4had_mod_util G4partman G4baryons G4hadronic_util
source/processes/hadronic/models/de_excitation/management/GNUmakefile
G4hadronic_LE: G4globman G4materials G4baryons G4partman G4leptons G4bosons G4track G4geometrymng G4had_mod_man G4hadronic_util G4procman G4mesons G4ions
source/processes/hadronic/models/low_energy/GNUmakefile
G4hadronic_body_ci: G4globman G4partman G4procman G4bosons G4leptons G4mesons G4baryons G4ions G4shortlived
source/processes/hadronic/models/chiral_inv_phase_space/body/GNUmakefile
G4hadronic_RPG: G4globman G4had_mod_man G4hadronic_util G4partman G4procman G4bosons G4leptons G4mesons G4baryons G4ions G4materials G4track G4geometrymng
source/processes/hadronic/models/rpg/GNUmakefile
G4hadronic_deex_util: G4globman G4hadronic_util G4had_mod_util G4partman G4baryons
source/processes/hadronic/models/de_excitation/util/GNUmakefile
G4shortlived: G4globman G4partman
source/particles/shortlived/GNUmakefile
G4hadronic_xsect: G4partman G4globman G4materials G4mesons G4baryons G4hadronic_util G4procman G4bosons G4leptons G4ions G4track G4geometrymng G4had_mod_util
source/processes/hadronic/cross_sections/GNUmakefile
G4hadronic_deex_multifragmentation: G4globman G4hadronic_util G4had_mod_util G4partman G4baryons
source/processes/hadronic/models/de_excitation/multifragmentation/GNUmakefile
G4had_mod_util: G4globman G4partman G4hadronic_util G4baryons G4had_mod_man G4hepnumerics G4mesons
source/processes/hadronic/models/util/GNUmakefile
G4detscorer: G4globman G4detector G4track G4geometrymng G4materials G4partman G4volumes G4hits G4csg
source/digits_hits/scorer/GNUmakefile
G4had_mod_man: G4hadronic_util G4globman G4partman G4procman G4bosons G4leptons G4mesons G4baryons G4ions G4materials G4track G4geometrymng
source/processes/hadronic/models/management/GNUmakefile
G4hadronic_util: G4globman G4partman G4materials G4procman G4track G4geometrymng G4bosons G4leptons G4mesons G4baryons G4ions
source/processes/hadronic/util/GNUmakefile
G4transportation: G4globman G4procman G4track G4geometrymng G4materials G4partman G4emutils G4cuts G4magneticfield G4navigation G4volumes G4intercoms
source/processes/transportation/GNUmakefile
G4mesons: G4globman G4partman
source/particles/hadrons/mesons/GNUmakefile
G4modeling: G4globman G4tracking G4graphics_reps G4navigation G4geometrymng G4volumes G4intercoms G4event G4partman G4hits G4digits G4csg G4specsolids G4materials G4detector G4track
source/visualization/modeling/GNUmakefile
G4event: G4globman G4navigation G4geometrymng G4volumes G4track G4partman G4materials G4hits G4digits G4tracking G4procman G4intercoms G4hepnumerics G4bosons G4detector G4graphics_reps G4geombias
source/event/GNUmakefile
G4geombias: G4globman G4geometrymng
source/geometry/biasing/GNUmakefile
G4tracking: G4globman G4graphics_reps G4procman G4track G4geometrymng G4materials G4partman G4navigation G4volumes G4intercoms G4detector G4hits G4emutils G4cuts
source/tracking/GNUmakefile
G4emutils: G4procman G4globman G4track G4geometrymng G4materials G4partman G4cuts G4ions G4leptons G4bosons G4baryons G4navigation G4volumes G4intercoms
source/processes/electromagnetic/utils/GNUmakefile
G4baryons: G4globman G4partman
source/particles/hadrons/barions/GNUmakefile
G4bosons: G4globman G4partman
source/particles/bosons/GNUmakefile
G4leptons: G4globman G4partman
source/particles/leptons/GNUmakefile
G4ions: G4globman G4partman
source/particles/hadrons/ions/GNUmakefile
G4cuts: G4globman G4partman G4materials G4geometrymng
source/processes/cuts/GNUmakefile
G4detector: G4hits G4globman G4track G4geometrymng G4materials G4partman G4volumes G4navigation G4intercoms
source/digits_hits/detector/GNUmakefile
G4specsolids: G4geometrymng G4globman G4graphics_reps G4hepnumerics
source/geometry/solids/specific/GNUmakefile
G4hits: G4globman
source/digits_hits/hits/GNUmakefile
G4digits: G4globman
source/digits_hits/digits/GNUmakefile
G4csg: G4geometrymng G4globman G4graphics_reps G4hepnumerics
source/geometry/solids/CSG/GNUmakefile
G4hepnumerics: G4globman
source/global/HEPNumerics/GNUmakefile
G4navigation: G4globman G4volumes G4geometrymng G4intercoms G4magneticfield G4materials G4graphics_reps
source/geometry/navigation/GNUmakefile
G4procman: G4globman G4track G4geometrymng G4materials G4partman G4intercoms
source/processes/management/GNUmakefile
G4zlib:
source/visualization/externals/zlib/GNUmakefile
G4volumes: G4geometrymng G4globman
source/geometry/volumes/GNUmakefile
G4track: G4globman G4geometrymng G4materials G4partman G4magneticfield
source/track/GNUmakefile
G4magneticfield: G4globman
source/geometry/magneticfield/GNUmakefile
G4partman: G4globman G4intercoms
source/particles/management/GNUmakefile
G4geometrymng: G4globman G4graphics_reps G4materials
source/geometry/management/GNUmakefile
G4OpenInventor:
source/visualization/OpenInventor/GNUmakefile
G4materials: G4globman G4intercoms
source/materials/GNUmakefile
G4graphics_reps: G4globman G4intercoms
source/graphics_reps/GNUmakefile
G4intercoms: G4globman
source/intercoms/GNUmakefile
G4globman:
source/global/management/GNUmakefile
